prisma/seed.ts(173,13): error TS2322: Type '{ title: string; status: any; priority: any; assigneeId: string; dueDate: Date; timeTracked: number; }' is not assignable to type '(Without<TaskUpdateInput, TaskUncheckedUpdateInput> & TaskUncheckedUpdateInput) | (Without<...> & TaskUpdateInput)'.
  Type '{ title: string; status: any; priority: any; assigneeId: string; dueDate: Date; timeTracked: number; }' is not assignable to type 'Without<TaskUncheckedUpdateInput, TaskUpdateInput> & TaskUpdateInput'.
    Type '{ title: string; status: any; priority: any; assigneeId: string; dueDate: Date; timeTracked: number; }' is not assignable to type 'Without<TaskUncheckedUpdateInput, TaskUpdateInput>'.
      Types of property 'assigneeId' are incompatible.
        Type 'string' is not assignable to type 'never'.
prisma/seed.ts(181,13): error TS2322: Type '{ id: string; listId: string; orgId: string; title: string; status: any; priority: any; creatorId: string; assigneeId: string; dueDate: Date; order: number; timeTracked: number; }' is not assignable to type '(Without<TaskCreateInput, TaskUncheckedCreateInput> & TaskUncheckedCreateInput) | (Without<...> & TaskCreateInput)'.
  Type '{ id: string; listId: string; orgId: string; title: string; status: any; priority: any; creatorId: string; assigneeId: string; dueDate: Date; order: number; timeTracked: number; }' is not assignable to type 'Without<TaskUncheckedCreateInput, TaskCreateInput> & TaskCreateInput'.
    Type '{ id: string; listId: string; orgId: string; title: string; status: any; priority: any; creatorId: string; assigneeId: string; dueDate: Date; order: number; timeTracked: number; }' is not assignable to type 'Without<TaskUncheckedCreateInput, TaskCreateInput>'.
      Types of property 'listId' are incompatible.
        Type 'string' is not assignable to type 'never'.
src/modules/analytics/analytics.service.ts(38,27): error TS2561: Object literal may only specify known properties, but 'notIn' does not exist in type '(Without<StatusRelationFilter, StatusWhereInput> & StatusWhereInput) | (Without<StatusWhereInput, StatusRelationFilter> & StatusRelationFilter)'. Did you mean to write 'NOT'?
src/modules/analytics/analytics.service.ts(53,87): error TS2551: Property 'status' does not exist on type '{ id: string; createdAt: Date; updatedAt: Date; deletedAt: Date; orgId: string; title: string; description: string; listId: string; statusId: string; priority: TaskPriority; ... 7 more ...; parentId: string; }'. Did you mean 'statusId'?
src/modules/analytics/analytics.service.ts(54,41): error TS2551: Property 'status' does not exist on type '{ id: string; createdAt: Date; updatedAt: Date; deletedAt: Date; orgId: string; title: string; description: string; listId: string; statusId: string; priority: TaskPriority; ... 7 more ...; parentId: string; }'. Did you mean 'statusId'?
src/modules/analytics/analytics.service.ts(62,52): error TS2551: Property 'status' does not exist on type '{ id: string; createdAt: Date; updatedAt: Date; deletedAt: Date; orgId: string; title: string; description: string; listId: string; statusId: string; priority: TaskPriority; ... 7 more ...; parentId: string; }'. Did you mean 'statusId'?
src/modules/analytics/analytics.service.ts(138,39): error TS2367: This comparison appears to be unintentional because the types '{ id: string; name: string; orgId: string; color: string; listId: string; order: number; category: string; }' and 'string' have no overlap.
src/modules/analytics/analytics.service.ts(139,45): error TS2367: This comparison appears to be unintentional because the types '{ id: string; name: string; orgId: string; color: string; listId: string; order: number; category: string; }' and 'string' have no overlap.
src/modules/analytics/analytics.service.ts(140,39): error TS2367: This comparison appears to be unintentional because the types '{ id: string; name: string; orgId: string; color: string; listId: string; order: number; category: string; }' and 'string' have no overlap.
src/modules/analytics/analytics.service.ts(156,105): error TS2322: Type 'string' is not assignable to type '(Without<StatusRelationFilter, StatusWhereInput> & StatusWhereInput) | (Without<StatusWhereInput, StatusRelationFilter> & StatusRelationFilter)'.
src/modules/analytics/analytics.service.ts(158,82): error TS2561: Object literal may only specify known properties, but 'notIn' does not exist in type '(Without<StatusRelationFilter, StatusWhereInput> & StatusWhereInput) | (Without<StatusWhereInput, StatusRelationFilter> & StatusRelationFilter)'. Did you mean to write 'NOT'?
src/modules/search/search.service.ts(67,53): error TS2551: Property 'status' does not exist on type '{ list: { name: string; }; } & { id: string; createdAt: Date; updatedAt: Date; deletedAt: Date; orgId: string; title: string; description: string; listId: string; statusId: string; ... 8 more ...; parentId: string; }'. Did you mean 'statusId'?
src/modules/tasks/tasks.service.ts(31,30): error TS2551: Property 'status' does not exist on type 'CreateTaskDto'. Did you mean 'statusId'?
src/modules/tasks/tasks.service.ts(34,17): error TS2322: Type 'string[]' is not assignable to type 'TagUncheckedCreateNestedManyWithoutTasksInput | TagCreateNestedManyWithoutTasksInput'.
src/modules/tasks/tasks.service.ts(55,25): error TS2559: Type 'string' has no properties in common with type 'StatusOrderByWithRelationInput'.
src/modules/tasks/tasks.service.ts(77,13): error TS2322: Type '{ status: any; priority: any; dueDate: Date; title?: string; description?: string; statusId?: string; assigneeId?: string; tags?: string[]; }' is not assignable to type '(Without<TaskUpdateInput, TaskUncheckedUpdateInput> & TaskUncheckedUpdateInput) | (Without<...> & TaskUpdateInput)'.
  Type '{ status: any; priority: any; dueDate: Date; title?: string; description?: string; statusId?: string; assigneeId?: string; tags?: string[]; }' is not assignable to type 'Without<TaskUncheckedUpdateInput, TaskUpdateInput> & TaskUpdateInput'.
    Type '{ status: any; priority: any; dueDate: Date; title?: string; description?: string; statusId?: string; assigneeId?: string; tags?: string[]; }' is not assignable to type 'Without<TaskUncheckedUpdateInput, TaskUpdateInput>'.
      Types of property 'statusId' are incompatible.
        Type 'string' is not assignable to type 'never'.
src/modules/tasks/tasks.service.ts(79,29): error TS2551: Property 'status' does not exist on type 'UpdateTaskDto'. Did you mean 'statusId'?
src/modules/tasks/tasks.service.ts(89,17): error TS2551: Property 'status' does not exist on type 'UpdateTaskDto'. Did you mean 'statusId'?
src/modules/tasks/tasks.service.ts(89,31): error TS2551: Property 'status' does not exist on type 'UpdateTaskDto'. Did you mean 'statusId'?
src/modules/tasks/tasks.service.ts(89,55): error TS2551: Property 'status' does not exist on type '{ list: { id: string; name: string; color: string; }; assignee: { id: string; name: string; avatarUrl: string; }; creator: { id: string; name: string; avatarUrl: string; }; } & { id: string; createdAt: Date; ... 15 more ...; parentId: string; }'. Did you mean 'statusId'?
src/modules/tasks/tasks.service.ts(129,33): error TS2551: Property 'status' does not exist on type 'MoveTaskDto'. Did you mean 'statusId'?
src/modules/tasks/tasks.service.ts(133,17): error TS2551: Property 'status' does not exist on type 'MoveTaskDto'. Did you mean 'statusId'?
src/modules/tasks/tasks.service.ts(133,31): error TS2551: Property 'status' does not exist on type 'MoveTaskDto'. Did you mean 'statusId'?
src/modules/tasks/tasks.service.ts(133,55): error TS2551: Property 'status' does not exist on type '{ list: { id: string; name: string; color: string; }; assignee: { id: string; name: string; avatarUrl: string; }; creator: { id: string; name: string; avatarUrl: string; }; } & { id: string; createdAt: Date; ... 15 more ...; parentId: string; }'. Did you mean 'statusId'?
src/modules/tasks/tasks.service.ts(138,66): error TS2551: Property 'status' does not exist on type 'MoveTaskDto'. Did you mean 'statusId'?
src/modules/tasks/tasks.service.ts(138,90): error TS2551: Property 'status' does not exist on type '{ list: { id: string; name: string; color: string; }; assignee: { id: string; name: string; avatarUrl: string; }; creator: { id: string; name: string; avatarUrl: string; }; } & { id: string; createdAt: Date; ... 15 more ...; parentId: string; }'. Did you mean 'statusId'?
src/modules/tasks/tasks.service.ts(144,65): error TS2551: Property 'status' does not exist on type '{ id: string; createdAt: Date; updatedAt: Date; deletedAt: Date; orgId: string; title: string; description: string; listId: string; statusId: string; priority: TaskPriority; ... 7 more ...; parentId: string; }'. Did you mean 'statusId'?
src/modules/tasks/tasks.service.ts(167,71): error TS2322: Type 'string' is not assignable to type '(Without<StatusRelationFilter, StatusWhereInput> & StatusWhereInput) | (Without<StatusWhereInput, StatusRelationFilter> & StatusRelationFilter)'.
src/modules/tasks/tasks.service.ts(168,71): error TS2322: Type 'string' is not assignable to type '(Without<StatusRelationFilter, StatusWhereInput> & StatusWhereInput) | (Without<StatusWhereInput, StatusRelationFilter> & StatusRelationFilter)'.
src/modules/tasks/tasks.service.ts(169,110): error TS2561: Object literal may only specify known properties, but 'not' does not exist in type '(Without<StatusRelationFilter, StatusWhereInput> & StatusWhereInput) | (Without<StatusWhereInput, StatusRelationFilter> & StatusRelationFilter)'. Did you mean to write 'NOT'?
